Provides: bundled(python3dist(appdirs)) = 1.4.3
Provides: bundled(python3dist(cachecontrol)) = 0.12.6
Provides: bundled(python3dist(certifi)) = 2020.4.5.1
Provides: bundled(python3dist(chardet)) = 3.0.4
Provides: bundled(python3dist(colorama)) = 0.4.3
Provides: bundled(python3dist(contextlib2)) = 0.6^post1
Provides: bundled(python3dist(distlib)) = 0.3
Provides: bundled(python3dist(distro)) = 1.5
Provides: bundled(python3dist(html5lib)) = 1.0.1
Provides: bundled(python3dist(idna)) = 2.9
Provides: bundled(python3dist(ipaddress)) = 1.0.23
Provides: bundled(python3dist(msgpack)) = 1
Provides: bundled(python3dist(packaging)) = 20.3
Provides: bundled(python3dist(pep517)) = 0.8.2
Provides: bundled(python3dist(progress)) = 1.5
Provides: bundled(python3dist(pyparsing)) = 2.4.7
Provides: bundled(python3dist(requests)) = 2.23
Provides: bundled(python3dist(resolvelib)) = 0.3
Provides: bundled(python3dist(retrying)) = 1.3.3
Provides: bundled(python3dist(setuptools)) = 44
Provides: bundled(python3dist(six)) = 1.14
Provides: bundled(python3dist(toml)) = 0.10
Provides: bundled(python3dist(urllib3)) = 1.25.8
Provides: bundled(python3dist(webencodings)) = 0.5.1
