Provides: bundled(python3dist(appdirs)) = 1.4.4
Provides: bundled(python3dist(attrs)) = 19.3
Provides: bundled(python3dist(backports-functools-lru-cache)) = 1.6.1
Provides: bundled(python3dist(backports-shutil-get-terminal-size)) = 1
Provides: bundled(python3dist(backports-weakref)) = 1^post1
Provides: bundled(python3dist(cached-property)) = 1.5.1
Provides: bundled(python3dist(cerberus)) = 1.3.2
Provides: bundled(python3dist(certifi)) = 2020.4.5.1
Provides: bundled(python3dist(chardet)) = 3.0.4
Provides: bundled(python3dist(click)) = 7.1.2
Provides: bundled(python3dist(click-completion)) = 0.5.2
Provides: bundled(python3dist(click-didyoumean)) = 0.0.3
Provides: bundled(python3dist(colorama)) = 0.4.3
Provides: bundled(python3dist(contextlib2)) = 0.6^post1
Provides: bundled(python3dist(delegator-py)) = 0.1.1
Provides: bundled(python3dist(distlib)) = 0.3
Provides: bundled(python3dist(docopt)) = 0.6.2
Provides: bundled(python3dist(dparse)) = 0.5
Provides: bundled(python3dist(enum34)) = 1.1.10
Provides: bundled(python3dist(first)) = 2.0.1
Provides: bundled(python3dist(funcsigs)) = 1.0.2
Provides: bundled(python3dist(idna)) = 2.9
Provides: bundled(python3dist(importlib-metadata)) = 1.6
Provides: bundled(python3dist(importlib-resources)) = 1.5
Provides: bundled(python3dist(iso8601)) = 0.1.12
Provides: bundled(python3dist(jinja2)) = 2.11.2
Provides: bundled(python3dist(markupsafe)) = 1.1.1
Provides: bundled(python3dist(more-itertools)) = 5
Provides: bundled(python3dist(orderedmultidict)) = 1.0.1
Provides: bundled(python3dist(packaging)) = 20.3
Provides: bundled(python3dist(parse)) = 1.15
Provides: bundled(python3dist(passa))
Provides: bundled(python3dist(pathlib2)) = 2.3.5
Provides: bundled(python3dist(pep517)) = 0.8.2
Provides: bundled(python3dist(pexpect)) = 4.8
Provides: bundled(python3dist(pip-shims)) = 0.5.2
Provides: bundled(python3dist(pipdeptree)) = 0.13.2
Provides: bundled(python3dist(pipreqs)) = 0.4.10
Provides: bundled(python3dist(plette)) = 0.2.3
Provides: bundled(python3dist(ptyprocess)) = 0.6
Provides: bundled(python3dist(pyparsing)) = 2.4.7
Provides: bundled(python3dist(python-dateutil)) = 2.8.1
Provides: bundled(python3dist(python-dotenv)) = 0.10.3
Provides: bundled(python3dist(pythonfinder)) = 1.2.4
Provides: bundled(python3dist(requests)) = 2.23
Provides: bundled(python3dist(requirementslib)) = 1.5.11
Provides: bundled(python3dist(resolvelib)) = 0.3
Provides: bundled(python3dist(scandir)) = 1.10
Provides: bundled(python3dist(semver)) = 2.9
Provides: bundled(python3dist(shellingham)) = 1.3.2
Provides: bundled(python3dist(six)) = 1.14
Provides: bundled(python3dist(toml)) = 0.10.1
Provides: bundled(python3dist(tomlkit)) = 0.5.11
Provides: bundled(python3dist(urllib3)) = 1.25.9
Provides: bundled(python3dist(vistir)) = 0.5.2
Provides: bundled(python3dist(yarg)) = 0.1.9
Provides: bundled(python3dist(yaspin)) = 0.14.3
Provides: bundled(python3dist(zipp)) = 0.6
